<html>
<head>
</head>
<body>
	<div id='flas-card-main'>
		<div id='flas-content-value'></div>
	</div>
</body>
</html>