<html>
<head>
</head>
<body>
	<div id='flas-card-top'>
		<input type='text' id='flas-content-box'>
	</div>
</body>
</html>