<html>
<head>
</head>
<body>
	<div id='flas-card-label'>
		<div>
			<div id='flas-content-here'></div>
		</div>
	</div>
</body>
</html>