<html>
<head>
</head>
<body>
	<div id='flas-card-styling'>
		<div id='flas-style-message'>hello world</div>
		<div id='flas-style-other'>something else</div>
	</div>
</body>
</html>