function test.golden.ControlledCard.B1.formats_0 test.golden.ControlledCard 0
  case test.golden.ControlledCard.B1.formats_0_0
  =
    @
      PackageVar.Cons
      @
        CardFunction.test.golden.ControlledCard.styleIf
        "show"
        CardMember.CardMember[test.golden.ControlledCard.sayHello]
      PackageVar.Nil
function test.golden.ControlledCard.styleIf test.golden.ControlledCard 2
  case test.golden.ControlledCard.styleIf_0
    var test.golden.ControlledCard.styleIf_0.style
    var test.golden.ControlledCard.styleIf_0.b
  =
    if
      LocalVar.test.golden.ControlledCard.styleIf_0.b
    then
      LocalVar.test.golden.ControlledCard.styleIf_0.style
    else
      ""
