<html>
<head>
</head>
<body>
	<div id='flas-card-hello'>
		hello world
	</div>
</body>
</html>