	function test.golden current
		apply
			named test.objects.Accumulator
			named Number
	usespackage test.objects
