function test.golden.f 2
  nested test.golden.f_0.m test.golden.f
  case test.golden.f_0
    typed contract test.golden.DoIt test.golden.f_0.d
    var test.golden.f_0.size
  =
    @
      PackageVar.MessageWrapper
      0
      @
        PackageVar.Cons
        ScopedVar.Scoped[test.golden.f_0.m]
        PackageVar.Nil
function test.golden.f_0.m 0
  nested test.golden.f_0.d test.golden.f
  nested test.golden.f_0.size test.golden.f
  case test.golden.f_0.m_0
  =
    @
      PackageVar.Cons
      <-
        ScopedVar.Scoped[test.golden.f_0.d]
        "calc"
        ScopedVar.Scoped[test.golden.f_0.size]
      PackageVar.Nil
