<html>
<head>
</head>
<body>
	<div id='flas-card-events'>
	</div>
</body>
</html>