<html>
<head>
</head>
<body>
	<div id='flas-card-main'><div id='flas-content-styleme'></div></div>
</body>
</html>