<html>
<head>
</head>
<body>
	<div id='flas-card-label'>
		<div id='flas-content-show-message'></div>
		<div id='flas-style-styleme'></div>
		<div id='flas-content-dupl'></div>
		<div id='flas-style-dupl'></div>
	</div>
	<div id='flas-item-dupli'></div>
	<div id='flas-card-dupli'></div>
</body>
</html>