PASSED: that x has the right value
PASSED: that x has the right value
