<html>
<head>
</head>
<body>
	<div id='flas-card-main'>
		<div id='flas-container-show'></div>
	</div>
	<div id='flas-item-pair'>
		<div id='flas-content-left'></div>
		<div id='flas-content-right'></div>
	</div>
</body>
</html>