function test.golden.filter 2
  case test.golden.filter_0
    var test.golden.filter_0.f
    ctor Nil
  =
    PackageVar.Nil
  case test.golden.filter_1
    var test.golden.filter_1.f
    ctor Cons
      var test.golden.filter_1.a
      var test.golden.filter_1.l
  =
    if
      @
        LocalVar.test.golden.filter_1.f
        LocalVar.test.golden.filter_1.a
    then
      @
        PackageVar.Cons
        LocalVar.test.golden.filter_1.a
        @
          PackageVar.test.golden.filter
          LocalVar.test.golden.filter_1.f
          LocalVar.test.golden.filter_1.l
    else
      @
        PackageVar.test.golden.filter
        LocalVar.test.golden.filter_1.f
        LocalVar.test.golden.filter_1.l
