function test.golden.fold 3
  case test.golden.fold_0
    var test.golden.fold_0.f
    var test.golden.fold_0.acc
    ctor Nil
  =
    LocalVar.test.golden.fold_0.acc
  case test.golden.fold_1
    var test.golden.fold_1.f
    var test.golden.fold_1.acc
    ctor Cons
      var test.golden.fold_1.a
      var test.golden.fold_1.l
  =
    @
      PackageVar.test.golden.fold
      LocalVar.test.golden.fold_1.f
      @
        LocalVar.test.golden.fold_1.f
        LocalVar.test.golden.fold_1.acc
        LocalVar.test.golden.fold_1.a
      LocalVar.test.golden.fold_1.l
