function test.golden.Templates.B2.lvs_0 test.golden.Templates 0
  case test.golden.Templates.B2.lvs_0_0
  =
    CardMember.CardMember[test.golden.Templates.data]
function test.golden.Templates.B4.contents_1 test.golden.Templates 0
  case test.golden.Templates.B4.contents_1_0
  =
    CheckStringable
      @
        field
        TLV[test.golden.Templates.e<-test.golden.Templates.B2.lvs_0]
        "title"
function test.golden.Templates.B4.formats_2 test.golden.Templates 0
  case test.golden.Templates.B4.formats_2_0
  =
    @
      PackageVar.Cons
      @
        field
        TLV[test.golden.Templates.e<-test.golden.Templates.B2.lvs_0]
        "format"
      PackageVar.Nil
function test.golden.Templates.B5.contents_3 test.golden.Templates 0
  case test.golden.Templates.B5.contents_3_0
  =
    CheckStringable
      @
        field
        CardMember.CardMember[test.golden.Templates.header]
        "title"
