<html>
<head>
</head>
<body>
	<div id='flas-container-hold'></div>
	<div id='flas-content-field'></div>
	<div id='flas-style-not-allowed'></div>
	<div id='flas-style-punnet-spilled'></div>
</body>
</html>