function test.golden.Card.doit test.golden.Card 2
  case test.golden.Card.doit_0
    typed test.golden.Container test.golden.Card.doit.g
    var test.golden.Card.doit.ev
  =
    @
      PackageVar.Cons
      @
        PackageVar.Assign
        @
          field
          this
          "c"
        "value"
        #String
          @
            field
            LocalVar.test.golden.Card.doit.g
            "value"
      PackageVar.Nil
