HSIE for test.golden.Simple.f/0                              #simplecard.f 11.0
#Args: 0 #bound: 0
    externals: [] scoped = []
    all vars = []
RETURN 3                                                     #simplecard.f 11.4
=======
