<html>
<head>
</head>
<body>
	<div id='flas-card-top'>
		<div id='flas-content-heading'></div>
		<div id='flas-container-table'></div>
	</div>
	<div id='flas-item-tree-item'>
		<div id='flas-content-inside'></div>
		<div id='flas-content-called'></div>
		<div id='flas-container-rows'></div>
	</div>
	<div id='flas-item-tree-row'>
		<div id='flas-content-fromtop'></div>
		<div id='flas-content-having'></div>
		<div id='flas-content-me'></div>
	</div>
</body>
</html>