<html>
<head>
</head>
<body>
	<div id='flas-card-attr'><a id='flas-content-link'></a></div>
</body>
</html>