<html>
<head></head>
<body>
  <div data-flas-card='block'>
     hello
     <div data-flas-hole='content1'>
     	content-string goes here
     </div>
     <div data-flas-hole='listitems'>
     	<ul>
     		<li data-flas-card='licard'><span data-flas-hole='name'>one</span></li>
     		<li>two</li>
     		<li>three</li>
     	</ul>
     </div>
  </div>
</body>
</html>