<html>
<head>
</head>
<body>
	<div id='flas-card-hello'>
		hello
	</div>
	<div id='flas-card-list-punnet'>
		<div id='flas-punnet-entries'></div>
	</div>
</body>
</html>